Running Gradle task 'assembleDebug'...                          
flutter : 
At line:1 char:1
+ flutter build apk 
--debug > 
build_output.txt 2>&1
+ ~~~~~~~~~~~~~~~~~~~
~~~~~~~~~~~~~~~~~~~~~
~~~~~~~~~
    + CategoryInfo   
           : NotSpe  
  cified: (:String   
 ) [], RemoteExce    
ption
    + FullyQualified 
   ErrorId : Native  
  CommandError
 
FAILURE: Build 
failed with an 
exception.

* What went wrong:
Execution failed for 
task ':app:processDeb
ugResources'.
> A failure occurred 
while executing com.a
ndroid.build.gradle.i
nternal.res.LinkAppli
cationAndroidResource
sTask$TaskAction
   > Android 
resource linking 
failed
     ERROR: C:\Code 
Playground\Flutter Pr
ojects\whispr\build\a
pp\intermediates\pack
aged_manifests\debug\
processDebugManifestF
orPackage\AndroidMani
fest.xml:54: AAPT: 
error: resource 
style/LaunchTheme 
(aka com.bitwisedhruv
.whispr:style/LaunchT
heme) not found.

     ERROR: C:\Code 
Playground\Flutter Pr
ojects\whispr\build\a
pp\intermediates\pack
aged_manifests\debug\
processDebugManifestF
orPackage\AndroidMani
fest.xml:70: AAPT: 
error: resource 
style/NormalTheme 
(aka com.bitwisedhruv
.whispr:style/NormalT
heme) not found.


* Try:
> Run with 
--stacktrace option 
to get the stack 
trace.
> Run with --info or 
--debug option to 
get more log output.
> Run with --scan to 
get full insights.
> Get more help at ht
tps://help.gradle.org
.

BUILD FAILED in 4s
Running Gradle task 'assembleDebug'...                              4.4s
Gradle task 
assembleDebug failed 
with exit code 1
